../../../../../../../Drivers/STM32WBxx_HAL_Driver/Inc/stm32wbxx_ll_pwr.h:1663:22:LL_C2_PWR_SetPowerMode	16	static
../../../../../../../Drivers/STM32WBxx_HAL_Driver/Inc/stm32wbxx_ll_exti.h:391:22:LL_EXTI_EnableIT_32_63	16	static
../../../../../../../Drivers/STM32WBxx_HAL_Driver/Inc/stm32wbxx_ll_rcc.h:1359:22:LL_RCC_HSE_SetCapacitorTuning	16	static
../../../../../../../Drivers/STM32WBxx_HAL_Driver/Inc/stm32wbxx_ll_rcc.h:2349:22:LL_RCC_SetClkAfterWakeFromStop	16	static
../../../../../../../Drivers/STM32WBxx_HAL_Driver/Inc/stm32wbxx_ll_system.h:1513:26:LL_DBGMCU_GetDeviceID	4	static
../../../../../../../Drivers/STM32WBxx_HAL_Driver/Inc/stm32wbxx_ll_system.h:1524:26:LL_DBGMCU_GetRevisionID	4	static
../../../../../../../Drivers/STM32WBxx_HAL_Driver/Inc/stm32wbxx_ll_cortex.h:311:22:LL_LPM_EnableSleep	4	static
../../../../../../../Drivers/STM32WBxx_HAL_Driver/Inc/stm32wbxx_ll_rtc.h:1031:22:LL_RTC_EnableWriteProtection	16	static
../../../../../../../Drivers/STM32WBxx_HAL_Driver/Inc/stm32wbxx_ll_rtc.h:1042:22:LL_RTC_DisableWriteProtection	16	static
../../../../../../../Drivers/STM32WBxx_HAL_Driver/Inc/stm32wbxx_ll_rtc.h:3006:22:LL_RTC_WAKEUP_SetClock	16	static
C:/Users/barbe/STM32Cube/Repository/STM32Cube_FW_WB_V1.21.0/Projects/NUCLEO-WB15CC/Applications/BLE/BLE_p2pServer/Core/Src/app_entry.c:104:6:MX_APPE_Config	8	static
C:/Users/barbe/STM32Cube/Repository/STM32Cube_FW_WB_V1.21.0/Projects/NUCLEO-WB15CC/Applications/BLE/BLE_p2pServer/Core/Src/app_entry.c:124:6:MX_APPE_Init	8	static
C:/Users/barbe/STM32Cube/Repository/STM32Cube_FW_WB_V1.21.0/Projects/NUCLEO-WB15CC/Applications/BLE/BLE_p2pServer/Core/Src/app_entry.c:162:6:Init_Smps	4	static
C:/Users/barbe/STM32Cube/Repository/STM32Cube_FW_WB_V1.21.0/Projects/NUCLEO-WB15CC/Applications/BLE/BLE_p2pServer/Core/Src/app_entry.c:180:6:Init_Exti	8	static
C:/Users/barbe/STM32Cube/Repository/STM32Cube_FW_WB_V1.21.0/Projects/NUCLEO-WB15CC/Applications/BLE/BLE_p2pServer/Core/Src/app_entry.c:197:13:Reset_Device	4	static
C:/Users/barbe/STM32Cube/Repository/STM32Cube_FW_WB_V1.21.0/Projects/NUCLEO-WB15CC/Applications/BLE/BLE_p2pServer/Core/Src/app_entry.c:266:13:Config_HSE	16	static
C:/Users/barbe/STM32Cube/Repository/STM32Cube_FW_WB_V1.21.0/Projects/NUCLEO-WB15CC/Applications/BLE/BLE_p2pServer/Core/Src/app_entry.c:282:13:System_Init	8	static
C:/Users/barbe/STM32Cube/Repository/STM32Cube_FW_WB_V1.21.0/Projects/NUCLEO-WB15CC/Applications/BLE/BLE_p2pServer/Core/Src/app_entry.c:293:13:Init_Rtc	8	static
C:/Users/barbe/STM32Cube/Repository/STM32Cube_FW_WB_V1.21.0/Projects/NUCLEO-WB15CC/Applications/BLE/BLE_p2pServer/Core/Src/app_entry.c:314:13:SystemPower_Config	8	static
C:/Users/barbe/STM32Cube/Repository/STM32Cube_FW_WB_V1.21.0/Projects/NUCLEO-WB15CC/Applications/BLE/BLE_p2pServer/Core/Src/app_entry.c:340:13:appe_Tl_Init	40	static
C:/Users/barbe/STM32Cube/Repository/STM32Cube_FW_WB_V1.21.0/Projects/NUCLEO-WB15CC/Applications/BLE/BLE_p2pServer/Core/Src/app_entry.c:365:13:APPE_SysStatusNot	16	static
C:/Users/barbe/STM32Cube/Repository/STM32Cube_FW_WB_V1.21.0/Projects/NUCLEO-WB15CC/Applications/BLE/BLE_p2pServer/Core/Src/app_entry.c:380:13:APPE_SysUserEvtRx	40	static
C:/Users/barbe/STM32Cube/Repository/STM32Cube_FW_WB_V1.21.0/Projects/NUCLEO-WB15CC/Applications/BLE/BLE_p2pServer/Core/Src/app_entry.c:443:13:APPE_SysEvtError	24	static
C:/Users/barbe/STM32Cube/Repository/STM32Cube_FW_WB_V1.21.0/Projects/NUCLEO-WB15CC/Applications/BLE/BLE_p2pServer/Core/Src/app_entry.c:465:13:APPE_SysEvtReadyProcessing	48	static
C:/Users/barbe/STM32Cube/Repository/STM32Cube_FW_WB_V1.21.0/Projects/NUCLEO-WB15CC/Applications/BLE/BLE_p2pServer/Core/Src/app_entry.c:538:6:APPE_Led_Init	8	static
C:/Users/barbe/STM32Cube/Repository/STM32Cube_FW_WB_V1.21.0/Projects/NUCLEO-WB15CC/Applications/BLE/BLE_p2pServer/Core/Src/app_entry.c:555:6:APPE_Button_Init	8	static
C:/Users/barbe/STM32Cube/Repository/STM32Cube_FW_WB_V1.21.0/Projects/NUCLEO-WB15CC/Applications/BLE/BLE_p2pServer/Core/Src/app_entry.c:576:6:HAL_Delay	24	static,ignoring_inline_asm
C:/Users/barbe/STM32Cube/Repository/STM32Cube_FW_WB_V1.21.0/Projects/NUCLEO-WB15CC/Applications/BLE/BLE_p2pServer/Core/Src/app_entry.c:605:6:MX_APPE_Process	8	static
C:/Users/barbe/STM32Cube/Repository/STM32Cube_FW_WB_V1.21.0/Projects/NUCLEO-WB15CC/Applications/BLE/BLE_p2pServer/Core/Src/app_entry.c:616:6:UTIL_SEQ_Idle	4	static
C:/Users/barbe/STM32Cube/Repository/STM32Cube_FW_WB_V1.21.0/Projects/NUCLEO-WB15CC/Applications/BLE/BLE_p2pServer/Core/Src/app_entry.c:624:6:shci_notify_asynch_evt	16	static
C:/Users/barbe/STM32Cube/Repository/STM32Cube_FW_WB_V1.21.0/Projects/NUCLEO-WB15CC/Applications/BLE/BLE_p2pServer/Core/Src/app_entry.c:630:6:shci_cmd_resp_release	16	static
C:/Users/barbe/STM32Cube/Repository/STM32Cube_FW_WB_V1.21.0/Projects/NUCLEO-WB15CC/Applications/BLE/BLE_p2pServer/Core/Src/app_entry.c:636:6:shci_cmd_resp_wait	16	static
C:/Users/barbe/STM32Cube/Repository/STM32Cube_FW_WB_V1.21.0/Projects/NUCLEO-WB15CC/Applications/BLE/BLE_p2pServer/Core/Src/app_entry.c:643:6:HAL_GPIO_EXTI_Callback	16	static
C:/Users/barbe/STM32Cube/Repository/STM32Cube_FW_WB_V1.21.0/Projects/NUCLEO-WB15CC/Applications/BLE/BLE_p2pServer/Core/Src/app_entry.c:666:13:RxUART_Init	8	static
C:/Users/barbe/STM32Cube/Repository/STM32Cube_FW_WB_V1.21.0/Projects/NUCLEO-WB15CC/Applications/BLE/BLE_p2pServer/Core/Src/app_entry.c:671:13:RxCpltCallback	8	static
C:/Users/barbe/STM32Cube/Repository/STM32Cube_FW_WB_V1.21.0/Projects/NUCLEO-WB15CC/Applications/BLE/BLE_p2pServer/Core/Src/app_entry.c:696:13:UartCmdExecute	8	static
