../../../../../../../Drivers/STM32WBxx_HAL_Driver/Inc/stm32wbxx_ll_rcc.h:1679:22:LL_RCC_LSE_SetDriveCapability	1
../../../../../../../Drivers/STM32WBxx_HAL_Driver/Inc/stm32wbxx_ll_bus.h:364:22:LL_AHB1_GRP1_EnableClock	1
../../../../../../../Drivers/STM32WBxx_HAL_Driver/Inc/stm32wbxx_ll_bus.h:539:22:LL_AHB2_GRP1_EnableClock	1
../../../../../../../Drivers/STM32WBxx_HAL_Driver/Inc/stm32wbxx_ll_rtc.h:1031:22:LL_RTC_EnableWriteProtection	1
../../../../../../../Drivers/STM32WBxx_HAL_Driver/Inc/stm32wbxx_ll_rtc.h:1042:22:LL_RTC_DisableWriteProtection	1
../../../../../../../Drivers/STM32WBxx_HAL_Driver/Inc/stm32wbxx_ll_rtc.h:3006:22:LL_RTC_WAKEUP_SetClock	1
C:/Users/barbe/STM32Cube/Repository/STM32Cube_FW_WB_V1.21.0/Projects/NUCLEO-WB15CC/Applications/BLE/BLE_p2pServer/Core/Src/main.c:92:5:main	1
C:/Users/barbe/STM32Cube/Repository/STM32Cube_FW_WB_V1.21.0/Projects/NUCLEO-WB15CC/Applications/BLE/BLE_p2pServer/Core/Src/main.c:152:6:SystemClock_Config	3
C:/Users/barbe/STM32Cube/Repository/STM32Cube_FW_WB_V1.21.0/Projects/NUCLEO-WB15CC/Applications/BLE/BLE_p2pServer/Core/Src/main.c:199:6:PeriphCommonClock_Config	2
C:/Users/barbe/STM32Cube/Repository/STM32Cube_FW_WB_V1.21.0/Projects/NUCLEO-WB15CC/Applications/BLE/BLE_p2pServer/Core/Src/main.c:224:6:MX_IPCC_Init	2
C:/Users/barbe/STM32Cube/Repository/STM32Cube_FW_WB_V1.21.0/Projects/NUCLEO-WB15CC/Applications/BLE/BLE_p2pServer/Core/Src/main.c:250:13:MX_RNG_Init	2
C:/Users/barbe/STM32Cube/Repository/STM32Cube_FW_WB_V1.21.0/Projects/NUCLEO-WB15CC/Applications/BLE/BLE_p2pServer/Core/Src/main.c:277:6:MX_RTC_Init	3
C:/Users/barbe/STM32Cube/Repository/STM32Cube_FW_WB_V1.21.0/Projects/NUCLEO-WB15CC/Applications/BLE/BLE_p2pServer/Core/Src/main.c:325:6:MX_USART1_UART_Init	5
C:/Users/barbe/STM32Cube/Repository/STM32Cube_FW_WB_V1.21.0/Projects/NUCLEO-WB15CC/Applications/BLE/BLE_p2pServer/Core/Src/main.c:371:6:MX_DMA_Init	1
C:/Users/barbe/STM32Cube/Repository/STM32Cube_FW_WB_V1.21.0/Projects/NUCLEO-WB15CC/Applications/BLE/BLE_p2pServer/Core/Src/main.c:390:6:MX_GPIO_Init	1
C:/Users/barbe/STM32Cube/Repository/STM32Cube_FW_WB_V1.21.0/Projects/NUCLEO-WB15CC/Applications/BLE/BLE_p2pServer/Core/Src/main.c:411:6:Error_Handler	1
