../Core/Src/data_logger.c:53:25:MakeConfigSnapshot	64	static
../Core/Src/data_logger.c:68:13:InitLogFile	664	static
../Core/Src/data_logger.c:126:13:WriteEntry	32	static
../Core/Src/data_logger.c:144:13:FlushGestureBuffer	16	static
../Core/Src/data_logger.c:161:13:FlushContinuousBuffer	16	static
../Core/Src/data_logger.c:181:6:DataLogger_Init	72	static
../Core/Src/data_logger.c:234:6:DataLogger_LogGesture	64	static
../Core/Src/data_logger.c:247:6:DataLogger_LogContinuous	24	static
../Core/Src/data_logger.c:258:6:DataLogger_Flush	8	static
../Core/Src/data_logger.c:266:6:DataLogger_Update	8	static
../Core/Src/data_logger.c:275:6:DataLogger_ClearGestureLog	56	static
../Core/Src/data_logger.c:303:6:DataLogger_ClearContinuousLog	56	static
../Core/Src/data_logger.c:324:6:DataLogger_ClearAll	56	static
../Core/Src/data_logger.c:360:10:DataLogger_GetLastGestureEntries	48	static
../Core/Src/data_logger.c:383:10:DataLogger_GetLastContinuousEntries	48	static
../Core/Src/data_logger.c:405:6:DataLogger_PrintGestureEntry	96	static
../Core/Src/data_logger.c:426:6:DataLogger_SaveConfig	632	static
../Core/Src/data_logger.c:474:6:DataLogger_LoadConfig	744	static
