../Core/Src/data_logger.c:56:25:MakeConfigSnapshot	64	static
../Core/Src/data_logger.c:71:13:InitLogFile	664	static
../Core/Src/data_logger.c:129:13:WriteEntry	32	static
../Core/Src/data_logger.c:147:13:FlushGestureBuffer	16	static
../Core/Src/data_logger.c:164:13:FlushContinuousBuffer	16	static
../Core/Src/data_logger.c:184:6:DataLogger_Init	72	static
../Core/Src/data_logger.c:250:6:DataLogger_LogGesture	64	static
../Core/Src/data_logger.c:263:6:DataLogger_LogContinuous	24	static
../Core/Src/data_logger.c:274:6:DataLogger_Flush	8	static
../Core/Src/data_logger.c:282:6:DataLogger_Update	8	static
../Core/Src/data_logger.c:291:6:DataLogger_ClearGestureLog	56	static
../Core/Src/data_logger.c:319:6:DataLogger_ClearContinuousLog	56	static
../Core/Src/data_logger.c:340:6:DataLogger_ClearAll	56	static
../Core/Src/data_logger.c:376:10:DataLogger_GetLastGestureEntries	48	static
../Core/Src/data_logger.c:399:10:DataLogger_GetLastContinuousEntries	48	static
../Core/Src/data_logger.c:421:6:DataLogger_PrintGestureEntry	96	static
../Core/Src/data_logger.c:442:6:DataLogger_SaveConfig	632	static
../Core/Src/data_logger.c:490:6:DataLogger_LoadConfig	744	static
../Core/Src/data_logger.c:546:6:DataLogger_LogAnalyzerChange	24	static
../Core/Src/data_logger.c:556:10:DataLogger_GetLastAnalyzerEntries	40	static
../Core/Src/data_logger.c:577:6:DataLogger_PrintAnalyzerEntry	32	static
../Core/Src/data_logger.c:588:6:DataLogger_ClearAnalyzerLog	56	static
