../Drivers/STM32WBxx_HAL_Driver/Inc/stm32wbxx_ll_bus.h:364:22:LL_AHB1_GRP1_EnableClock	24	static
../Drivers/STM32WBxx_HAL_Driver/Inc/stm32wbxx_ll_bus.h:539:22:LL_AHB2_GRP1_EnableClock	24	static
../Core/Src/main.c:118:5:main	72	static
../Core/Src/main.c:444:6:SystemClock_Config	104	static
../Core/Src/main.c:492:6:PeriphCommonClock_Config	56	static
../Core/Src/main.c:517:13:MX_ADC1_Init	24	static
../Core/Src/main.c:600:13:MX_I2C1_Init	8	static
../Core/Src/main.c:648:13:MX_IPCC_Init	8	static
../Core/Src/main.c:674:13:MX_RF_Init	4	static
../Core/Src/main.c:695:13:MX_RNG_Init	8	static
../Core/Src/main.c:722:13:MX_RTC_Init	32	static
../Core/Src/main.c:794:13:MX_SPI1_Init	8	static
../Core/Src/main.c:834:13:MX_USART1_UART_Init	8	static
../Core/Src/main.c:880:13:MX_DMA_Init	8	static
../Core/Src/main.c:894:13:MX_GPIO_Init	32	static
../Core/Src/main.c:952:5:__io_putchar	16	static
../Core/Src/main.c:958:6:TakeData	24	static
../Core/Src/main.c:988:6:PrintDisplay	32	static
../Core/Src/main.c:1061:6:PrintAnalyzerView	8	static
../Core/Src/main.c:1089:6:Error_Handler	4	static,ignoring_inline_asm
