../Drivers/STM32WBxx_HAL_Driver/Inc/stm32wbxx_ll_bus.h:364:22:LL_AHB1_GRP1_EnableClock	24	static
../Drivers/STM32WBxx_HAL_Driver/Inc/stm32wbxx_ll_bus.h:539:22:LL_AHB2_GRP1_EnableClock	24	static
../Core/Src/main.c:119:5:main	80	static
../Core/Src/main.c:474:6:SystemClock_Config	104	static
../Core/Src/main.c:522:6:PeriphCommonClock_Config	56	static
../Core/Src/main.c:547:13:MX_ADC1_Init	24	static
../Core/Src/main.c:630:13:MX_I2C1_Init	8	static
../Core/Src/main.c:678:13:MX_IPCC_Init	8	static
../Core/Src/main.c:704:13:MX_RF_Init	4	static
../Core/Src/main.c:725:13:MX_RNG_Init	8	static
../Core/Src/main.c:752:13:MX_RTC_Init	32	static
../Core/Src/main.c:824:13:MX_SPI1_Init	8	static
../Core/Src/main.c:864:13:MX_USART1_UART_Init	8	static
../Core/Src/main.c:910:13:MX_DMA_Init	8	static
../Core/Src/main.c:924:13:MX_GPIO_Init	32	static
../Core/Src/main.c:982:5:__io_putchar	16	static
../Core/Src/main.c:988:6:TakeData	24	static
../Core/Src/main.c:1018:6:PrintDisplay	64	static
../Core/Src/main.c:1055:6:PrintAnalyzerView	40	static
../Core/Src/main.c:1070:6:PrintLogView	64	static
../Core/Src/main.c:1117:6:Error_Handler	4	static,ignoring_inline_asm
