../Drivers/STM32WBxx_HAL_Driver/Inc/stm32wbxx_ll_bus.h:364:22:LL_AHB1_GRP1_EnableClock	24	static
../Drivers/STM32WBxx_HAL_Driver/Inc/stm32wbxx_ll_bus.h:539:22:LL_AHB2_GRP1_EnableClock	24	static
../Core/Src/main.c:119:5:main	80	static
../Core/Src/main.c:368:6:SystemClock_Config	104	static
../Core/Src/main.c:416:6:PeriphCommonClock_Config	56	static
../Core/Src/main.c:441:13:MX_ADC1_Init	24	static
../Core/Src/main.c:524:13:MX_I2C1_Init	8	static
../Core/Src/main.c:572:13:MX_IPCC_Init	8	static
../Core/Src/main.c:598:13:MX_RF_Init	4	static
../Core/Src/main.c:619:13:MX_RNG_Init	8	static
../Core/Src/main.c:646:13:MX_RTC_Init	32	static
../Core/Src/main.c:718:13:MX_SPI1_Init	8	static
../Core/Src/main.c:758:13:MX_USART1_UART_Init	8	static
../Core/Src/main.c:804:13:MX_DMA_Init	8	static
../Core/Src/main.c:818:13:MX_GPIO_Init	32	static
../Core/Src/main.c:876:5:__io_putchar	16	static
../Core/Src/main.c:882:6:TakeData	24	static
../Core/Src/main.c:912:6:PrintDisplay	64	static
../Core/Src/main.c:949:6:PrintAnalyzerView	40	static
../Core/Src/main.c:964:6:PrintLogView	64	static
../Core/Src/main.c:1011:6:Error_Handler	4	static,ignoring_inline_asm
