../Drivers/STM32WBxx_HAL_Driver/Inc/stm32wbxx_ll_system.h:2223:26:LL_FLASH_GetUDN	4	static
../Drivers/STM32WBxx_HAL_Driver/Inc/stm32wbxx_ll_system.h:2235:26:LL_FLASH_GetDeviceID	4	static
../Drivers/STM32WBxx_HAL_Driver/Inc/stm32wbxx_ll_system.h:2247:26:LL_FLASH_GetSTCompanyID	4	static
../STM32_WPAN/App/app_ble.c:268:6:APP_BLE_Init	80	static
../STM32_WPAN/App/app_ble.c:415:28:SVCCTL_App_Notification	64	static
../STM32_WPAN/App/app_ble.c:629:13:Ble_Tl_Init	16	static
../STM32_WPAN/App/app_ble.c:640:13:Ble_Hci_Gap_Gatt_Init	72	static
../STM32_WPAN/App/app_ble.c:950:13:Adv_Update	8	static
../STM32_WPAN/App/app_ble.c:957:13:ConnMgr	8	static
../STM32_WPAN/App/app_ble.c:969:13:Add_Advertisment_Service_UUID	16	static
../STM32_WPAN/App/app_ble.c:979:13:Adv_Request	56	static
../STM32_WPAN/App/app_ble.c:1086:13:Disconnection	16	static
../STM32_WPAN/App/app_ble.c:1100:6:APP_BLE_Key_Button1_Action	8	static
../STM32_WPAN/App/app_ble.c:1105:6:APP_BLE_Key_Button2_Action	8	static
../STM32_WPAN/App/app_ble.c:1109:6:APP_BLE_Key_Button3_Action	4	static
../STM32_WPAN/App/app_ble.c:1113:16:BleGetBdAddress	32	static
../STM32_WPAN/App/app_ble.c:1178:6:hci_notify_asynch_evt	16	static
../STM32_WPAN/App/app_ble.c:1185:6:hci_cmd_resp_release	16	static
../STM32_WPAN/App/app_ble.c:1192:6:hci_cmd_resp_wait	16	static
../STM32_WPAN/App/app_ble.c:1199:13:BLE_UserEvtRx	24	static
../STM32_WPAN/App/app_ble.c:1219:13:BLE_StatusNot	24	static
../STM32_WPAN/App/app_ble.c:1258:6:SVCCTL_ResumeUserEventFlow	8	static
